// Jest Snapshot v1, https://goo.gl/fbAQLP

exports[`Copyright comonent should render correctly 1`] = `
<div>
  <div
    class="copyright"
  >
    <p>
      Â© 2019 What to watch Ltd.
    </p>
  </div>
</div>
`;
